Archive member included to satisfy reference by file (symbol)

/Users/benjamingombala/Library/Arduino15/packages/arduino/tools/arm-none-eabi-gcc/7-2017q4/bin/../lib/gcc/arm-none-eabi/7.2.1/../../../../arm-none-eabi/lib/thumb/v6-m/libc_nano.a(lib_a-exit.o)
                              /Users/benjamingombala/Library/Arduino15/packages/arduino/tools/arm-none-eabi-gcc/7-2017q4/bin/../lib/gcc/arm-none-eabi/7.2.1/../../../../arm-none-eabi/lib/thumb/v6-m/crt0.o (exit)
/Users/benjamingombala/Library/Arduino15/packages/arduino/tools/arm-none-eabi-gcc/7-2017q4/bin/../lib/gcc/arm-none-eabi/7.2.1/../../../../arm-none-eabi/lib/thumb/v6-m/libc_nano.a(lib_a-impure.o)
                              /Users/benjamingombala/Library/Arduino15/packages/arduino/tools/arm-none-eabi-gcc/7-2017q4/bin/../lib/gcc/arm-none-eabi/7.2.1/../../../../arm-none-eabi/lib/thumb/v6-m/libc_nano.a(lib_a-exit.o) (_global_impure_ptr)
/Users/benjamingombala/Library/Arduino15/packages/arduino/tools/arm-none-eabi-gcc/7-2017q4/bin/../lib/gcc/arm-none-eabi/7.2.1/../../../../arm-none-eabi/lib/thumb/v6-m/libc_nano.a(lib_a-init.o)
                              /Users/benjamingombala/Library/Arduino15/packages/arduino/tools/arm-none-eabi-gcc/7-2017q4/bin/../lib/gcc/arm-none-eabi/7.2.1/../../../../arm-none-eabi/lib/thumb/v6-m/crt0.o (__libc_init_array)
/Users/benjamingombala/Library/Arduino15/packages/arduino/tools/arm-none-eabi-gcc/7-2017q4/bin/../lib/gcc/arm-none-eabi/7.2.1/../../../../arm-none-eabi/lib/thumb/v6-m/libc_nano.a(lib_a-memcpy-stub.o)
                              build/sam_ba_monitor.o (memcpy)
/Users/benjamingombala/Library/Arduino15/packages/arduino/tools/arm-none-eabi-gcc/7-2017q4/bin/../lib/gcc/arm-none-eabi/7.2.1/../../../../arm-none-eabi/lib/thumb/v6-m/libc_nano.a(lib_a-memset.o)
                              /Users/benjamingombala/Library/Arduino15/packages/arduino/tools/arm-none-eabi-gcc/7-2017q4/bin/../lib/gcc/arm-none-eabi/7.2.1/../../../../arm-none-eabi/lib/thumb/v6-m/crt0.o (memset)
/Users/benjamingombala/Library/Arduino15/packages/arduino/tools/arm-none-eabi-gcc/7-2017q4/bin/../lib/gcc/arm-none-eabi/7.2.1/../../../../arm-none-eabi/lib/thumb/v6-m/libnosys.a(_exit.o)
                              /Users/benjamingombala/Library/Arduino15/packages/arduino/tools/arm-none-eabi-gcc/7-2017q4/bin/../lib/gcc/arm-none-eabi/7.2.1/../../../../arm-none-eabi/lib/thumb/v6-m/libc_nano.a(lib_a-exit.o) (_exit)

Allocating common symbols
Common symbol       size              file

b_sharp_received    0x1               build/sam_ba_serial.o
j                   0x1               build/sam_ba_monitor.o
idx_rx_write        0x1               build/sam_ba_serial.o
size_of_data        0x2               build/sam_ba_serial.o
length              0x4               build/sam_ba_monitor.o
ptr                 0x4               build/sam_ba_monitor.o
command             0x1               build/sam_ba_monitor.o
MAX_FLASH           0x4               build/sam_ba_monitor.o
PAGES               0x4               build/sam_ba_monitor.o
idx_tx_read         0x1               build/sam_ba_serial.o
i                   0x4               build/sam_ba_monitor.o
buffer_tx_usart     0x80              build/sam_ba_serial.o
error_timeout       0x1               build/sam_ba_serial.o
PAGE_SIZE           0x4               build/sam_ba_monitor.o
data                0x40              build/sam_ba_monitor.o
mode_of_transfer    0x1               build/sam_ba_serial.o
ptr_data            0x4               build/sam_ba_monitor.o
idx_rx_read         0x1               build/sam_ba_serial.o
ptr_monitor_if      0x4               build/sam_ba_monitor.o
sp                  0x4               build/sam_ba_monitor.o
current_number      0x4               build/sam_ba_monitor.o
idx_tx_write        0x1               build/sam_ba_serial.o
u32tmp              0x4               build/sam_ba_monitor.o
buffer_rx_usart     0x80              build/sam_ba_serial.o

Discarded input sections

 .text          0x0000000000000000        0x0 /Users/benjamingombala/Library/Arduino15/packages/arduino/tools/arm-none-eabi-gcc/7-2017q4/bin/../lib/gcc/arm-none-eabi/7.2.1/thumb/v6-m/crti.o
 .data          0x0000000000000000        0x0 /Users/benjamingombala/Library/Arduino15/packages/arduino/tools/arm-none-eabi-gcc/7-2017q4/bin/../lib/gcc/arm-none-eabi/7.2.1/thumb/v6-m/crti.o
 .bss           0x0000000000000000        0x0 /Users/benjamingombala/Library/Arduino15/packages/arduino/tools/arm-none-eabi-gcc/7-2017q4/bin/../lib/gcc/arm-none-eabi/7.2.1/thumb/v6-m/crti.o
 .data          0x0000000000000000        0x4 /Users/benjamingombala/Library/Arduino15/packages/arduino/tools/arm-none-eabi-gcc/7-2017q4/bin/../lib/gcc/arm-none-eabi/7.2.1/thumb/v6-m/crtbegin.o
 .text          0x0000000000000000       0x78 /Users/benjamingombala/Library/Arduino15/packages/arduino/tools/arm-none-eabi-gcc/7-2017q4/bin/../lib/gcc/arm-none-eabi/7.2.1/../../../../arm-none-eabi/lib/thumb/v6-m/crt0.o
 .data          0x0000000000000000        0x0 /Users/benjamingombala/Library/Arduino15/packages/arduino/tools/arm-none-eabi-gcc/7-2017q4/bin/../lib/gcc/arm-none-eabi/7.2.1/../../../../arm-none-eabi/lib/thumb/v6-m/crt0.o
 .bss           0x0000000000000000        0x0 /Users/benjamingombala/Library/Arduino15/packages/arduino/tools/arm-none-eabi-gcc/7-2017q4/bin/../lib/gcc/arm-none-eabi/7.2.1/../../../../arm-none-eabi/lib/thumb/v6-m/crt0.o
 .ARM.extab     0x0000000000000000        0x0 /Users/benjamingombala/Library/Arduino15/packages/arduino/tools/arm-none-eabi-gcc/7-2017q4/bin/../lib/gcc/arm-none-eabi/7.2.1/../../../../arm-none-eabi/lib/thumb/v6-m/crt0.o
 .ARM.exidx     0x0000000000000000        0x8 /Users/benjamingombala/Library/Arduino15/packages/arduino/tools/arm-none-eabi-gcc/7-2017q4/bin/../lib/gcc/arm-none-eabi/7.2.1/../../../../arm-none-eabi/lib/thumb/v6-m/crt0.o
 .ARM.attributes
                0x0000000000000000       0x1b /Users/benjamingombala/Library/Arduino15/packages/arduino/tools/arm-none-eabi-gcc/7-2017q4/bin/../lib/gcc/arm-none-eabi/7.2.1/../../../../arm-none-eabi/lib/thumb/v6-m/crt0.o
 .text          0x0000000000000000        0x0 build/board_init.o
 .data          0x0000000000000000        0x0 build/board_init.o
 .bss           0x0000000000000000        0x0 build/board_init.o
 .text          0x0000000000000000        0x0 build/board_startup.o
 .data          0x0000000000000000        0x0 build/board_startup.o
 .bss           0x0000000000000000        0x0 build/board_startup.o
 .text          0x0000000000000000        0x0 build/main.o
 .data          0x0000000000000000        0x0 build/main.o
 .bss           0x0000000000000000        0x0 build/main.o
 .text          0x0000000000000000        0x0 build/sam_ba_monitor.o
 .data          0x0000000000000000        0x0 build/sam_ba_monitor.o
 .bss           0x0000000000000000        0x0 build/sam_ba_monitor.o
 .text          0x0000000000000000        0x0 build/sam_ba_serial.o
 .data          0x0000000000000000        0x0 build/sam_ba_serial.o
 .bss           0x0000000000000000        0x0 build/sam_ba_serial.o
 .text.serial_close
                0x0000000000000000       0x10 build/sam_ba_serial.o
 .text.serial_readc
                0x0000000000000000       0x20 build/sam_ba_serial.o
 .text          0x0000000000000000        0x0 /Users/benjamingombala/Library/Arduino15/packages/arduino/tools/arm-none-eabi-gcc/7-2017q4/bin/../lib/gcc/arm-none-eabi/7.2.1/../../../../arm-none-eabi/lib/thumb/v6-m/libc_nano.a(lib_a-exit.o)
 .data          0x0000000000000000        0x0 /Users/benjamingombala/Library/Arduino15/packages/arduino/tools/arm-none-eabi-gcc/7-2017q4/bin/../lib/gcc/arm-none-eabi/7.2.1/../../../../arm-none-eabi/lib/thumb/v6-m/libc_nano.a(lib_a-exit.o)
 .bss           0x0000000000000000        0x0 /Users/benjamingombala/Library/Arduino15/packages/arduino/tools/arm-none-eabi-gcc/7-2017q4/bin/../lib/gcc/arm-none-eabi/7.2.1/../../../../arm-none-eabi/lib/thumb/v6-m/libc_nano.a(lib_a-exit.o)
 .text.exit     0x0000000000000000       0x2c /Users/benjamingombala/Library/Arduino15/packages/arduino/tools/arm-none-eabi-gcc/7-2017q4/bin/../lib/gcc/arm-none-eabi/7.2.1/../../../../arm-none-eabi/lib/thumb/v6-m/libc_nano.a(lib_a-exit.o)
 .debug_frame   0x0000000000000000       0x28 /Users/benjamingombala/Library/Arduino15/packages/arduino/tools/arm-none-eabi-gcc/7-2017q4/bin/../lib/gcc/arm-none-eabi/7.2.1/../../../../arm-none-eabi/lib/thumb/v6-m/libc_nano.a(lib_a-exit.o)
 .ARM.attributes
                0x0000000000000000       0x2c /Users/benjamingombala/Library/Arduino15/packages/arduino/tools/arm-none-eabi-gcc/7-2017q4/bin/../lib/gcc/arm-none-eabi/7.2.1/../../../../arm-none-eabi/lib/thumb/v6-m/libc_nano.a(lib_a-exit.o)
 .text          0x0000000000000000        0x0 /Users/benjamingombala/Library/Arduino15/packages/arduino/tools/arm-none-eabi-gcc/7-2017q4/bin/../lib/gcc/arm-none-eabi/7.2.1/../../../../arm-none-eabi/lib/thumb/v6-m/libc_nano.a(lib_a-impure.o)
 .data          0x0000000000000000        0x0 /Users/benjamingombala/Library/Arduino15/packages/arduino/tools/arm-none-eabi-gcc/7-2017q4/bin/../lib/gcc/arm-none-eabi/7.2.1/../../../../arm-none-eabi/lib/thumb/v6-m/libc_nano.a(lib_a-impure.o)
 .bss           0x0000000000000000        0x0 /Users/benjamingombala/Library/Arduino15/packages/arduino/tools/arm-none-eabi-gcc/7-2017q4/bin/../lib/gcc/arm-none-eabi/7.2.1/../../../../arm-none-eabi/lib/thumb/v6-m/libc_nano.a(lib_a-impure.o)
 .data._impure_ptr
                0x0000000000000000        0x4 /Users/benjamingombala/Library/Arduino15/packages/arduino/tools/arm-none-eabi-gcc/7-2017q4/bin/../lib/gcc/arm-none-eabi/7.2.1/../../../../arm-none-eabi/lib/thumb/v6-m/libc_nano.a(lib_a-impure.o)
 .data.impure_data
                0x0000000000000000       0x60 /Users/benjamingombala/Library/Arduino15/packages/arduino/tools/arm-none-eabi-gcc/7-2017q4/bin/../lib/gcc/arm-none-eabi/7.2.1/../../../../arm-none-eabi/lib/thumb/v6-m/libc_nano.a(lib_a-impure.o)
 .rodata._global_impure_ptr
                0x0000000000000000        0x4 /Users/benjamingombala/Library/Arduino15/packages/arduino/tools/arm-none-eabi-gcc/7-2017q4/bin/../lib/gcc/arm-none-eabi/7.2.1/../../../../arm-none-eabi/lib/thumb/v6-m/libc_nano.a(lib_a-impure.o)
 .ARM.attributes
                0x0000000000000000       0x2c /Users/benjamingombala/Library/Arduino15/packages/arduino/tools/arm-none-eabi-gcc/7-2017q4/bin/../lib/gcc/arm-none-eabi/7.2.1/../../../../arm-none-eabi/lib/thumb/v6-m/libc_nano.a(lib_a-impure.o)
 .text          0x0000000000000000        0x0 /Users/benjamingombala/Library/Arduino15/packages/arduino/tools/arm-none-eabi-gcc/7-2017q4/bin/../lib/gcc/arm-none-eabi/7.2.1/../../../../arm-none-eabi/lib/thumb/v6-m/libc_nano.a(lib_a-init.o)
 .data          0x0000000000000000        0x0 /Users/benjamingombala/Library/Arduino15/packages/arduino/tools/arm-none-eabi-gcc/7-2017q4/bin/../lib/gcc/arm-none-eabi/7.2.1/../../../../arm-none-eabi/lib/thumb/v6-m/libc_nano.a(lib_a-init.o)
 .bss           0x0000000000000000        0x0 /Users/benjamingombala/Library/Arduino15/packages/arduino/tools/arm-none-eabi-gcc/7-2017q4/bin/../lib/gcc/arm-none-eabi/7.2.1/../../../../arm-none-eabi/lib/thumb/v6-m/libc_nano.a(lib_a-init.o)
 .text.__libc_init_array
                0x0000000000000000       0x48 /Users/benjamingombala/Library/Arduino15/packages/arduino/tools/arm-none-eabi-gcc/7-2017q4/bin/../lib/gcc/arm-none-eabi/7.2.1/../../../../arm-none-eabi/lib/thumb/v6-m/libc_nano.a(lib_a-init.o)
 .debug_frame   0x0000000000000000       0x2c /Users/benjamingombala/Library/Arduino15/packages/arduino/tools/arm-none-eabi-gcc/7-2017q4/bin/../lib/gcc/arm-none-eabi/7.2.1/../../../../arm-none-eabi/lib/thumb/v6-m/libc_nano.a(lib_a-init.o)
 .ARM.attributes
                0x0000000000000000       0x2c /Users/benjamingombala/Library/Arduino15/packages/arduino/tools/arm-none-eabi-gcc/7-2017q4/bin/../lib/gcc/arm-none-eabi/7.2.1/../../../../arm-none-eabi/lib/thumb/v6-m/libc_nano.a(lib_a-init.o)
 .text          0x0000000000000000        0x0 /Users/benjamingombala/Library/Arduino15/packages/arduino/tools/arm-none-eabi-gcc/7-2017q4/bin/../lib/gcc/arm-none-eabi/7.2.1/../../../../arm-none-eabi/lib/thumb/v6-m/libc_nano.a(lib_a-memcpy-stub.o)
 .data          0x0000000000000000        0x0 /Users/benjamingombala/Library/Arduino15/packages/arduino/tools/arm-none-eabi-gcc/7-2017q4/bin/../lib/gcc/arm-none-eabi/7.2.1/../../../../arm-none-eabi/lib/thumb/v6-m/libc_nano.a(lib_a-memcpy-stub.o)
 .bss           0x0000000000000000        0x0 /Users/benjamingombala/Library/Arduino15/packages/arduino/tools/arm-none-eabi-gcc/7-2017q4/bin/../lib/gcc/arm-none-eabi/7.2.1/../../../../arm-none-eabi/lib/thumb/v6-m/libc_nano.a(lib_a-memcpy-stub.o)
 .text          0x0000000000000000        0x0 /Users/benjamingombala/Library/Arduino15/packages/arduino/tools/arm-none-eabi-gcc/7-2017q4/bin/../lib/gcc/arm-none-eabi/7.2.1/../../../../arm-none-eabi/lib/thumb/v6-m/libc_nano.a(lib_a-memset.o)
 .data          0x0000000000000000        0x0 /Users/benjamingombala/Library/Arduino15/packages/arduino/tools/arm-none-eabi-gcc/7-2017q4/bin/../lib/gcc/arm-none-eabi/7.2.1/../../../../arm-none-eabi/lib/thumb/v6-m/libc_nano.a(lib_a-memset.o)
 .bss           0x0000000000000000        0x0 /Users/benjamingombala/Library/Arduino15/packages/arduino/tools/arm-none-eabi-gcc/7-2017q4/bin/../lib/gcc/arm-none-eabi/7.2.1/../../../../arm-none-eabi/lib/thumb/v6-m/libc_nano.a(lib_a-memset.o)
 .text.memset   0x0000000000000000       0x10 /Users/benjamingombala/Library/Arduino15/packages/arduino/tools/arm-none-eabi-gcc/7-2017q4/bin/../lib/gcc/arm-none-eabi/7.2.1/../../../../arm-none-eabi/lib/thumb/v6-m/libc_nano.a(lib_a-memset.o)
 .debug_frame   0x0000000000000000       0x20 /Users/benjamingombala/Library/Arduino15/packages/arduino/tools/arm-none-eabi-gcc/7-2017q4/bin/../lib/gcc/arm-none-eabi/7.2.1/../../../../arm-none-eabi/lib/thumb/v6-m/libc_nano.a(lib_a-memset.o)
 .ARM.attributes
                0x0000000000000000       0x2c /Users/benjamingombala/Library/Arduino15/packages/arduino/tools/arm-none-eabi-gcc/7-2017q4/bin/../lib/gcc/arm-none-eabi/7.2.1/../../../../arm-none-eabi/lib/thumb/v6-m/libc_nano.a(lib_a-memset.o)
 .text          0x0000000000000000        0x0 /Users/benjamingombala/Library/Arduino15/packages/arduino/tools/arm-none-eabi-gcc/7-2017q4/bin/../lib/gcc/arm-none-eabi/7.2.1/../../../../arm-none-eabi/lib/thumb/v6-m/libnosys.a(_exit.o)
 .data          0x0000000000000000        0x0 /Users/benjamingombala/Library/Arduino15/packages/arduino/tools/arm-none-eabi-gcc/7-2017q4/bin/../lib/gcc/arm-none-eabi/7.2.1/../../../../arm-none-eabi/lib/thumb/v6-m/libnosys.a(_exit.o)
 .bss           0x0000000000000000        0x0 /Users/benjamingombala/Library/Arduino15/packages/arduino/tools/arm-none-eabi-gcc/7-2017q4/bin/../lib/gcc/arm-none-eabi/7.2.1/../../../../arm-none-eabi/lib/thumb/v6-m/libnosys.a(_exit.o)
 .text._exit    0x0000000000000000        0x4 /Users/benjamingombala/Library/Arduino15/packages/arduino/tools/arm-none-eabi-gcc/7-2017q4/bin/../lib/gcc/arm-none-eabi/7.2.1/../../../../arm-none-eabi/lib/thumb/v6-m/libnosys.a(_exit.o)
 .debug_frame   0x0000000000000000       0x20 /Users/benjamingombala/Library/Arduino15/packages/arduino/tools/arm-none-eabi-gcc/7-2017q4/bin/../lib/gcc/arm-none-eabi/7.2.1/../../../../arm-none-eabi/lib/thumb/v6-m/libnosys.a(_exit.o)
 .ARM.attributes
                0x0000000000000000       0x2c /Users/benjamingombala/Library/Arduino15/packages/arduino/tools/arm-none-eabi-gcc/7-2017q4/bin/../lib/gcc/arm-none-eabi/7.2.1/../../../../arm-none-eabi/lib/thumb/v6-m/libnosys.a(_exit.o)
 .text          0x0000000000000000        0x0 /Users/benjamingombala/Library/Arduino15/packages/arduino/tools/arm-none-eabi-gcc/7-2017q4/bin/../lib/gcc/arm-none-eabi/7.2.1/thumb/v6-m/crtend.o
 .data          0x0000000000000000        0x0 /Users/benjamingombala/Library/Arduino15/packages/arduino/tools/arm-none-eabi-gcc/7-2017q4/bin/../lib/gcc/arm-none-eabi/7.2.1/thumb/v6-m/crtend.o
 .bss           0x0000000000000000        0x0 /Users/benjamingombala/Library/Arduino15/packages/arduino/tools/arm-none-eabi-gcc/7-2017q4/bin/../lib/gcc/arm-none-eabi/7.2.1/thumb/v6-m/crtend.o
 .text          0x0000000000000000        0x0 /Users/benjamingombala/Library/Arduino15/packages/arduino/tools/arm-none-eabi-gcc/7-2017q4/bin/../lib/gcc/arm-none-eabi/7.2.1/thumb/v6-m/crtn.o
 .data          0x0000000000000000        0x0 /Users/benjamingombala/Library/Arduino15/packages/arduino/tools/arm-none-eabi-gcc/7-2017q4/bin/../lib/gcc/arm-none-eabi/7.2.1/thumb/v6-m/crtn.o
 .bss           0x0000000000000000        0x0 /Users/benjamingombala/Library/Arduino15/packages/arduino/tools/arm-none-eabi-gcc/7-2017q4/bin/../lib/gcc/arm-none-eabi/7.2.1/thumb/v6-m/crtn.o

Memory Configuration

Name             Origin             Length             Attributes
FLASH            0x0000000000000000 0x0000000000002000 xr
RAM              0x0000000020000000 0x0000000000007ffc xrw
*default*        0x0000000000000000 0xffffffffffffffff

Linker script and memory map

LOAD /Users/benjamingombala/Library/Arduino15/packages/arduino/tools/arm-none-eabi-gcc/7-2017q4/bin/../lib/gcc/arm-none-eabi/7.2.1/thumb/v6-m/crti.o
LOAD /Users/benjamingombala/Library/Arduino15/packages/arduino/tools/arm-none-eabi-gcc/7-2017q4/bin/../lib/gcc/arm-none-eabi/7.2.1/thumb/v6-m/crtbegin.o
LOAD /Users/benjamingombala/Library/Arduino15/packages/arduino/tools/arm-none-eabi-gcc/7-2017q4/bin/../lib/gcc/arm-none-eabi/7.2.1/../../../../arm-none-eabi/lib/thumb/v6-m/crt0.o
START GROUP
LOAD samc21_sam_ba.elf.ltrans0.ltrans.o
LOAD build/board_init.o
LOAD build/board_startup.o
LOAD build/main.o
LOAD build/sam_ba_monitor.o
LOAD build/sam_ba_serial.o
LOAD /Users/benjamingombala/Library/Arduino15/packages/arduino/tools/arm-none-eabi-gcc/7-2017q4/bin/../lib/gcc/arm-none-eabi/7.2.1/../../../../arm-none-eabi/lib/thumb/v6-m/libm.a
END GROUP
START GROUP
LOAD /Users/benjamingombala/Library/Arduino15/packages/arduino/tools/arm-none-eabi-gcc/7-2017q4/bin/../lib/gcc/arm-none-eabi/7.2.1/thumb/v6-m/libgcc.a
LOAD /Users/benjamingombala/Library/Arduino15/packages/arduino/tools/arm-none-eabi-gcc/7-2017q4/bin/../lib/gcc/arm-none-eabi/7.2.1/../../../../arm-none-eabi/lib/thumb/v6-m/libc_nano.a
END GROUP
START GROUP
LOAD /Users/benjamingombala/Library/Arduino15/packages/arduino/tools/arm-none-eabi-gcc/7-2017q4/bin/../lib/gcc/arm-none-eabi/7.2.1/thumb/v6-m/libgcc.a
LOAD /Users/benjamingombala/Library/Arduino15/packages/arduino/tools/arm-none-eabi-gcc/7-2017q4/bin/../lib/gcc/arm-none-eabi/7.2.1/../../../../arm-none-eabi/lib/thumb/v6-m/libc_nano.a
LOAD /Users/benjamingombala/Library/Arduino15/packages/arduino/tools/arm-none-eabi-gcc/7-2017q4/bin/../lib/gcc/arm-none-eabi/7.2.1/../../../../arm-none-eabi/lib/thumb/v6-m/libnosys.a
END GROUP
START GROUP
LOAD /Users/benjamingombala/Library/Arduino15/packages/arduino/tools/arm-none-eabi-gcc/7-2017q4/bin/../lib/gcc/arm-none-eabi/7.2.1/thumb/v6-m/libgcc.a
LOAD /Users/benjamingombala/Library/Arduino15/packages/arduino/tools/arm-none-eabi-gcc/7-2017q4/bin/../lib/gcc/arm-none-eabi/7.2.1/../../../../arm-none-eabi/lib/thumb/v6-m/libc_nano.a
LOAD /Users/benjamingombala/Library/Arduino15/packages/arduino/tools/arm-none-eabi-gcc/7-2017q4/bin/../lib/gcc/arm-none-eabi/7.2.1/../../../../arm-none-eabi/lib/thumb/v6-m/libnosys.a
END GROUP
LOAD /Users/benjamingombala/Library/Arduino15/packages/arduino/tools/arm-none-eabi-gcc/7-2017q4/bin/../lib/gcc/arm-none-eabi/7.2.1/thumb/v6-m/crtend.o
LOAD /Users/benjamingombala/Library/Arduino15/packages/arduino/tools/arm-none-eabi-gcc/7-2017q4/bin/../lib/gcc/arm-none-eabi/7.2.1/thumb/v6-m/crtn.o
                0x0000000000000000                . = ORIGIN (FLASH)

.vectors        0x0000000000000000       0x40
 *(.isr_vector)
 .isr_vector    0x0000000000000000       0x40 build/board_startup.o
                0x0000000000000000                exception_table

.text           0x0000000000000040      0xf54
 *(.text*)
 .text          0x0000000000000040       0x48 /Users/benjamingombala/Library/Arduino15/packages/arduino/tools/arm-none-eabi-gcc/7-2017q4/bin/../lib/gcc/arm-none-eabi/7.2.1/thumb/v6-m/crtbegin.o
 .text          0x0000000000000088       0xf0 samc21_sam_ba.elf.ltrans0.ltrans.o
                0x0000000000000088                uart_read_byte
                0x00000000000000a2                uart_write_byte
                0x00000000000000ae                uart_disable
                0x00000000000000be                uart_basic_init
                0x0000000000000118                LED_pulse
 .text.board_init
                0x0000000000000178       0xb4 build/board_init.o
                0x0000000000000178                board_init
 .text.NMI_Handler
                0x000000000000022c        0x4 build/board_startup.o
                0x000000000000022c                NMI_Handler
 .text.HardFault_Handler
                0x0000000000000230        0x4 build/board_startup.o
                0x0000000000000230                HardFault_Handler
 .text.SVC_Handler
                0x0000000000000234        0x4 build/board_startup.o
                0x0000000000000234                SVC_Handler
 .text.PendSV_Handler
                0x0000000000000238        0x4 build/board_startup.o
                0x0000000000000238                PendSV_Handler
 .text.Reset_Handler
                0x000000000000023c       0x50 build/board_startup.o
                0x000000000000023c                Reset_Handler
 .text.startup.main
                0x000000000000028c       0xc8 build/main.o
                0x000000000000028c                main
 .text.SysTick_Handler
                0x0000000000000354        0xc build/main.o
                0x0000000000000354                SysTick_Handler
 .text.sam_ba_putdata.isra.0
                0x0000000000000360       0x18 build/sam_ba_monitor.o
 .text.sam_ba_monitor_init
                0x0000000000000378       0x1c build/sam_ba_monitor.o
                0x0000000000000378                sam_ba_monitor_init
 .text.sam_ba_putdata_term
                0x0000000000000394       0x80 build/sam_ba_monitor.o
                0x0000000000000394                sam_ba_putdata_term
 .text.call_applet
                0x0000000000000414       0x1c build/sam_ba_monitor.o
                0x0000000000000414                call_applet
 .text.sam_ba_monitor_sys_tick
                0x0000000000000430       0x2c build/sam_ba_monitor.o
                0x0000000000000430                sam_ba_monitor_sys_tick
 .text.sam_ba_monitor_run
                0x000000000000045c      0x4e8 build/sam_ba_monitor.o
                0x000000000000045c                sam_ba_monitor_run
 .text.serial_open
                0x0000000000000944       0xb0 build/sam_ba_serial.o
                0x0000000000000944                serial_open
 .text.serial_putc
                0x00000000000009f4       0x14 build/sam_ba_serial.o
                0x00000000000009f4                serial_putc
 .text.serial_is_rx_ready
                0x0000000000000a08       0x10 build/sam_ba_serial.o
                0x0000000000000a08                serial_is_rx_ready
 .text.serial_getc
                0x0000000000000a18       0x18 build/sam_ba_serial.o
                0x0000000000000a18                serial_getc
 .text.serial_sharp_received
                0x0000000000000a30       0x1c build/sam_ba_serial.o
                0x0000000000000a30                serial_sharp_received
 .text.serial_putdata
                0x0000000000000a4c       0x1a build/sam_ba_serial.o
                0x0000000000000a4c                serial_putdata
 .text.serial_getdata
                0x0000000000000a66        0xe build/sam_ba_serial.o
                0x0000000000000a66                serial_getdata
 .text.serial_add_crc
                0x0000000000000a74       0x18 build/sam_ba_serial.o
                0x0000000000000a74                serial_add_crc
 .text.getbytes
                0x0000000000000a8c       0x64 build/sam_ba_serial.o
 .text.serial_putdata_xmd
                0x0000000000000af0      0x108 build/sam_ba_serial.o
                0x0000000000000af0                serial_putdata_xmd
 .text.serial_getdata_xmd
                0x0000000000000bf8       0xf4 build/sam_ba_serial.o
                0x0000000000000bf8                serial_getdata_xmd
 .text.memcpy   0x0000000000000cec       0x12 /Users/benjamingombala/Library/Arduino15/packages/arduino/tools/arm-none-eabi-gcc/7-2017q4/bin/../lib/gcc/arm-none-eabi/7.2.1/../../../../arm-none-eabi/lib/thumb/v6-m/libc_nano.a(lib_a-memcpy-stub.o)
                0x0000000000000cec                memcpy
 *(.init)
 *fill*         0x0000000000000cfe        0x2 
 .init          0x0000000000000d00        0x4 /Users/benjamingombala/Library/Arduino15/packages/arduino/tools/arm-none-eabi-gcc/7-2017q4/bin/../lib/gcc/arm-none-eabi/7.2.1/thumb/v6-m/crti.o
                0x0000000000000d00                _init
 .init          0x0000000000000d04        0x8 /Users/benjamingombala/Library/Arduino15/packages/arduino/tools/arm-none-eabi-gcc/7-2017q4/bin/../lib/gcc/arm-none-eabi/7.2.1/thumb/v6-m/crtn.o
 *(.fini)
 .fini          0x0000000000000d0c        0x4 /Users/benjamingombala/Library/Arduino15/packages/arduino/tools/arm-none-eabi-gcc/7-2017q4/bin/../lib/gcc/arm-none-eabi/7.2.1/thumb/v6-m/crti.o
                0x0000000000000d0c                _fini
 .fini          0x0000000000000d10        0x8 /Users/benjamingombala/Library/Arduino15/packages/arduino/tools/arm-none-eabi-gcc/7-2017q4/bin/../lib/gcc/arm-none-eabi/7.2.1/thumb/v6-m/crtn.o
 *crtbegin.o(.ctors)
 *crtbegin?.o(.ctors)
 *(EXCLUDE_FILE(*crtend.o *crtend?.o) .ctors)
 *(SORT_BY_NAME(.ctors.*))
 *(.ctors)
 *crtbegin.o(.dtors)
 *crtbegin?.o(.dtors)
 *(EXCLUDE_FILE(*crtend.o *crtend?.o) .dtors)
 *(SORT_BY_NAME(.dtors.*))
 *(.dtors)
 *(.rodata*)
 .rodata        0x0000000000000d18       0x20 build/sam_ba_monitor.o
 .rodata.uart_if
                0x0000000000000d38       0x1c build/sam_ba_monitor.o
                0x0000000000000d38                uart_if
 .rodata.str1.1
                0x0000000000000d54       0x29 build/sam_ba_monitor.o
                                         0x2c (size before relaxing)
 .rodata.RomBOOT_Version
                0x0000000000000d7d        0x4 build/sam_ba_monitor.o
                0x0000000000000d7d                RomBOOT_Version
 .rodata.RomBOOT_ExtendedCapabilities
                0x0000000000000d81        0xe build/sam_ba_monitor.o
                0x0000000000000d81                RomBOOT_ExtendedCapabilities
 *fill*         0x0000000000000d8f        0x1 
 .rodata.crc16Table
                0x0000000000000d90      0x200 build/sam_ba_serial.o
 *(.eh_frame*)
 .eh_frame      0x0000000000000f90        0x0 /Users/benjamingombala/Library/Arduino15/packages/arduino/tools/arm-none-eabi-gcc/7-2017q4/bin/../lib/gcc/arm-none-eabi/7.2.1/thumb/v6-m/crtbegin.o
 .eh_frame      0x0000000000000f90        0x4 /Users/benjamingombala/Library/Arduino15/packages/arduino/tools/arm-none-eabi-gcc/7-2017q4/bin/../lib/gcc/arm-none-eabi/7.2.1/thumb/v6-m/crtend.o

.glue_7         0x0000000000000f94        0x0
 .glue_7        0x0000000000000f94        0x0 linker stubs

.glue_7t        0x0000000000000f94        0x0
 .glue_7t       0x0000000000000f94        0x0 linker stubs

.vfp11_veneer   0x0000000000000f94        0x0
 .vfp11_veneer  0x0000000000000f94        0x0 linker stubs

.v4_bx          0x0000000000000f94        0x0
 .v4_bx         0x0000000000000f94        0x0 linker stubs

.iplt           0x0000000000000f94        0x0
 .iplt          0x0000000000000f94        0x0 /Users/benjamingombala/Library/Arduino15/packages/arduino/tools/arm-none-eabi-gcc/7-2017q4/bin/../lib/gcc/arm-none-eabi/7.2.1/thumb/v6-m/crtbegin.o

.rel.dyn        0x0000000000000f94        0x0
 .rel.iplt      0x0000000000000f94        0x0 /Users/benjamingombala/Library/Arduino15/packages/arduino/tools/arm-none-eabi-gcc/7-2017q4/bin/../lib/gcc/arm-none-eabi/7.2.1/thumb/v6-m/crtbegin.o

.ARM.extab
 *(.ARM.extab* .gnu.linkonce.armextab.*)
                0x0000000000000f94                __exidx_start = .

.ARM.exidx
 *(.ARM.exidx* .gnu.linkonce.armexidx.*)
                0x0000000000000f94                __exidx_end = .
                0x0000000000000f94                __etext = .
                0x0000000000002000                PROVIDE (__sketch_vectors_ptr, (ORIGIN (FLASH) + LENGTH (FLASH)))

.data           0x0000000020000000        0xc load address 0x0000000000000f94
                0x0000000020000000                __data_start__ = .
 *(vtable)
 *(.data*)
 .data          0x0000000020000000        0x2 samc21_sam_ba.elf.ltrans0.ltrans.o
                0x0000000020000004                . = ALIGN (0x4)
 *fill*         0x0000000020000002        0x2 
                0x0000000020000004                PROVIDE (__preinit_array_start, .)
 *(.preinit_array)
                0x0000000020000004                PROVIDE (__preinit_array_end, .)
                0x0000000020000004                . = ALIGN (0x4)
                0x0000000020000004                PROVIDE (__init_array_start, .)
 *(SORT_BY_NAME(.init_array.*))
 *(.init_array)
 .init_array    0x0000000020000004        0x4 /Users/benjamingombala/Library/Arduino15/packages/arduino/tools/arm-none-eabi-gcc/7-2017q4/bin/../lib/gcc/arm-none-eabi/7.2.1/thumb/v6-m/crtbegin.o
                0x0000000020000008                PROVIDE (__init_array_end, .)
                0x0000000020000008                . = ALIGN (0x4)
                [!provide]                        PROVIDE (__fini_array_start, .)
 *(SORT_BY_NAME(.fini_array.*))
 *(.fini_array)
 .fini_array    0x0000000020000008        0x4 /Users/benjamingombala/Library/Arduino15/packages/arduino/tools/arm-none-eabi-gcc/7-2017q4/bin/../lib/gcc/arm-none-eabi/7.2.1/thumb/v6-m/crtbegin.o
                [!provide]                        PROVIDE (__fini_array_end, .)
 *(.jcr*)
                0x000000002000000c                . = ALIGN (0x4)
                0x000000002000000c                __data_end__ = .

.igot.plt       0x000000002000000c        0x0 load address 0x0000000000000fa0
 .igot.plt      0x000000002000000c        0x0 /Users/benjamingombala/Library/Arduino15/packages/arduino/tools/arm-none-eabi-gcc/7-2017q4/bin/../lib/gcc/arm-none-eabi/7.2.1/thumb/v6-m/crtbegin.o

.bss            0x000000002000000c      0x1ac load address 0x0000000000000fa0
                0x000000002000000c                . = ALIGN (0x4)
                0x000000002000000c                __bss_start__ = .
 *(.bss*)
 .bss           0x000000002000000c       0x1c /Users/benjamingombala/Library/Arduino15/packages/arduino/tools/arm-none-eabi-gcc/7-2017q4/bin/../lib/gcc/arm-none-eabi/7.2.1/thumb/v6-m/crtbegin.o
 .bss           0x0000000020000028        0x1 samc21_sam_ba.elf.ltrans0.ltrans.o
 .bss.main_b_cdc_enable
                0x0000000020000029        0x1 build/main.o
 .bss.b_terminal_mode
                0x000000002000002a        0x1 build/sam_ba_monitor.o
                0x000000002000002a                b_terminal_mode
 *fill*         0x000000002000002b        0x1 
 .bss.src_buff_addr.12697
                0x000000002000002c        0x4 build/sam_ba_monitor.o
 .bss.rxLEDPulse
                0x0000000020000030        0x2 build/sam_ba_monitor.o
                0x0000000020000030                rxLEDPulse
 .bss.txLEDPulse
                0x0000000020000032        0x2 build/sam_ba_monitor.o
                0x0000000020000032                txLEDPulse
 .bss.b_sam_ba_interface_usart
                0x0000000020000034        0x1 build/sam_ba_monitor.o
                0x0000000020000034                b_sam_ba_interface_usart
 *(COMMON)
 *fill*         0x0000000020000035        0x3 
 COMMON         0x0000000020000038       0x74 build/sam_ba_monitor.o
                0x0000000020000038                j
                0x000000002000003c                length
                0x0000000020000040                ptr
                0x0000000020000044                command
                0x0000000020000048                MAX_FLASH
                0x000000002000004c                PAGES
                0x0000000020000050                i
                0x0000000020000054                PAGE_SIZE
                0x0000000020000058                data
                0x0000000020000098                ptr_data
                0x000000002000009c                ptr_monitor_if
                0x00000000200000a0                sp
                0x00000000200000a4                current_number
                0x00000000200000a8                u32tmp
 COMMON         0x00000000200000ac      0x109 build/sam_ba_serial.o
                0x00000000200000ac                b_sharp_received
                0x00000000200000ad                idx_rx_write
                0x00000000200000ae                size_of_data
                0x00000000200000b0                idx_tx_read
                0x00000000200000b1                buffer_tx_usart
                0x0000000020000131                error_timeout
                0x0000000020000132                mode_of_transfer
                0x0000000020000133                idx_rx_read
                0x0000000020000134                idx_tx_write
                0x0000000020000135                buffer_rx_usart
                0x00000000200001b8                . = ALIGN (0x4)
 *fill*         0x00000000200001b5        0x3 
                0x00000000200001b8                __bss_end__ = .

.heap           0x00000000200001b8        0x0
                0x00000000200001b8                __end__ = .
                [!provide]                        PROVIDE (end, .)
 *(.heap*)
                0x00000000200001b8                __HeapLimit = .

.stack_dummy    0x00000000200001b8        0x0
 *(.stack*)
                0x0000000020007ffc                __StackTop = (ORIGIN (RAM) + LENGTH (RAM))
                0x0000000020007ffc                __StackLimit = (__StackTop - SIZEOF (.stack_dummy))
                0x0000000020007ffc                PROVIDE (__stack, __StackTop)
                0x0000000020007ffb                __ram_end__ = ((ORIGIN (RAM) + LENGTH (RAM)) - 0x1)
                0x0000000000000001                ASSERT ((__StackLimit >= __HeapLimit), region RAM overflowed with stack)
OUTPUT(build/samc21_sam_ba.elf elf32-littlearm)

.ARM.attributes
                0x0000000000000000       0x28
 .ARM.attributes
                0x0000000000000000       0x1e /Users/benjamingombala/Library/Arduino15/packages/arduino/tools/arm-none-eabi-gcc/7-2017q4/bin/../lib/gcc/arm-none-eabi/7.2.1/thumb/v6-m/crti.o
 .ARM.attributes
                0x000000000000001e       0x2c /Users/benjamingombala/Library/Arduino15/packages/arduino/tools/arm-none-eabi-gcc/7-2017q4/bin/../lib/gcc/arm-none-eabi/7.2.1/thumb/v6-m/crtbegin.o
 .ARM.attributes
                0x000000000000004a       0x30 samc21_sam_ba.elf.ltrans0.ltrans.o
 .ARM.attributes
                0x000000000000007a       0x32 build/board_init.o
 .ARM.attributes
                0x00000000000000ac       0x32 build/board_startup.o
 .ARM.attributes
                0x00000000000000de       0x32 build/main.o
 .ARM.attributes
                0x0000000000000110       0x32 build/sam_ba_monitor.o
 .ARM.attributes
                0x0000000000000142       0x32 build/sam_ba_serial.o
 .ARM.attributes
                0x0000000000000174       0x2c /Users/benjamingombala/Library/Arduino15/packages/arduino/tools/arm-none-eabi-gcc/7-2017q4/bin/../lib/gcc/arm-none-eabi/7.2.1/../../../../arm-none-eabi/lib/thumb/v6-m/libc_nano.a(lib_a-memcpy-stub.o)
 .ARM.attributes
                0x00000000000001a0       0x2c /Users/benjamingombala/Library/Arduino15/packages/arduino/tools/arm-none-eabi-gcc/7-2017q4/bin/../lib/gcc/arm-none-eabi/7.2.1/thumb/v6-m/crtend.o
 .ARM.attributes
                0x00000000000001cc       0x1e /Users/benjamingombala/Library/Arduino15/packages/arduino/tools/arm-none-eabi-gcc/7-2017q4/bin/../lib/gcc/arm-none-eabi/7.2.1/thumb/v6-m/crtn.o

.comment        0x0000000000000000       0xee
 .comment       0x0000000000000000       0x7e samc21_sam_ba.elf.ltrans0.ltrans.o
                                         0x7f (size before relaxing)
 .comment       0x000000000000007e       0x70 build/board_init.o
                                         0x71 (size before relaxing)
 .comment       0x00000000000000ee       0x71 build/board_startup.o
 .comment       0x00000000000000ee       0x71 build/main.o
 .comment       0x00000000000000ee       0x71 build/sam_ba_monitor.o
 .comment       0x00000000000000ee       0x71 build/sam_ba_serial.o

.debug_frame    0x0000000000000000       0x28
 .debug_frame   0x0000000000000000       0x28 /Users/benjamingombala/Library/Arduino15/packages/arduino/tools/arm-none-eabi-gcc/7-2017q4/bin/../lib/gcc/arm-none-eabi/7.2.1/../../../../arm-none-eabi/lib/thumb/v6-m/libc_nano.a(lib_a-memcpy-stub.o)

Cross Reference Table

Symbol                                            File
HardFault_Handler                                 build/board_startup.o
LED_pulse                                         samc21_sam_ba.elf.ltrans0.ltrans.o
                                                  build/board_driver_led.o (symbol from plugin)
                                                  build/main.o
MAX_FLASH                                         build/sam_ba_monitor.o
NMI_Handler                                       build/board_startup.o
PAGES                                             build/sam_ba_monitor.o
PAGE_SIZE                                         build/sam_ba_monitor.o
PendSV_Handler                                    build/board_startup.o
Reset_Handler                                     build/board_startup.o
RomBOOT_ExtendedCapabilities                      build/sam_ba_monitor.o
RomBOOT_Version                                   build/sam_ba_monitor.o
SVC_Handler                                       build/board_startup.o
SysTick_Handler                                   build/main.o
                                                  build/board_startup.o
__StackTop                                        build/board_startup.o
__bss_end__                                       build/board_startup.o
                                                  /Users/benjamingombala/Library/Arduino15/packages/arduino/tools/arm-none-eabi-gcc/7-2017q4/bin/../lib/gcc/arm-none-eabi/7.2.1/../../../../arm-none-eabi/lib/thumb/v6-m/crt0.o
__bss_start__                                     build/board_startup.o
                                                  /Users/benjamingombala/Library/Arduino15/packages/arduino/tools/arm-none-eabi-gcc/7-2017q4/bin/../lib/gcc/arm-none-eabi/7.2.1/../../../../arm-none-eabi/lib/thumb/v6-m/crt0.o
__call_exitprocs                                  /Users/benjamingombala/Library/Arduino15/packages/arduino/tools/arm-none-eabi-gcc/7-2017q4/bin/../lib/gcc/arm-none-eabi/7.2.1/../../../../arm-none-eabi/lib/thumb/v6-m/libc_nano.a(lib_a-exit.o)
__data_end__                                      build/board_startup.o
__data_start__                                    build/board_startup.o
__deregister_frame_info                           /Users/benjamingombala/Library/Arduino15/packages/arduino/tools/arm-none-eabi-gcc/7-2017q4/bin/../lib/gcc/arm-none-eabi/7.2.1/thumb/v6-m/crtbegin.o
__dso_handle                                      /Users/benjamingombala/Library/Arduino15/packages/arduino/tools/arm-none-eabi-gcc/7-2017q4/bin/../lib/gcc/arm-none-eabi/7.2.1/thumb/v6-m/crtbegin.o
__etext                                           build/board_startup.o
__init_array_end                                  /Users/benjamingombala/Library/Arduino15/packages/arduino/tools/arm-none-eabi-gcc/7-2017q4/bin/../lib/gcc/arm-none-eabi/7.2.1/../../../../arm-none-eabi/lib/thumb/v6-m/libc_nano.a(lib_a-init.o)
__init_array_start                                /Users/benjamingombala/Library/Arduino15/packages/arduino/tools/arm-none-eabi-gcc/7-2017q4/bin/../lib/gcc/arm-none-eabi/7.2.1/../../../../arm-none-eabi/lib/thumb/v6-m/libc_nano.a(lib_a-init.o)
__libc_fini_array                                 /Users/benjamingombala/Library/Arduino15/packages/arduino/tools/arm-none-eabi-gcc/7-2017q4/bin/../lib/gcc/arm-none-eabi/7.2.1/../../../../arm-none-eabi/lib/thumb/v6-m/crt0.o
__libc_init_array                                 /Users/benjamingombala/Library/Arduino15/packages/arduino/tools/arm-none-eabi-gcc/7-2017q4/bin/../lib/gcc/arm-none-eabi/7.2.1/../../../../arm-none-eabi/lib/thumb/v6-m/libc_nano.a(lib_a-init.o)
                                                  /Users/benjamingombala/Library/Arduino15/packages/arduino/tools/arm-none-eabi-gcc/7-2017q4/bin/../lib/gcc/arm-none-eabi/7.2.1/../../../../arm-none-eabi/lib/thumb/v6-m/crt0.o
__preinit_array_end                               /Users/benjamingombala/Library/Arduino15/packages/arduino/tools/arm-none-eabi-gcc/7-2017q4/bin/../lib/gcc/arm-none-eabi/7.2.1/../../../../arm-none-eabi/lib/thumb/v6-m/libc_nano.a(lib_a-init.o)
__preinit_array_start                             /Users/benjamingombala/Library/Arduino15/packages/arduino/tools/arm-none-eabi-gcc/7-2017q4/bin/../lib/gcc/arm-none-eabi/7.2.1/../../../../arm-none-eabi/lib/thumb/v6-m/libc_nano.a(lib_a-init.o)
__register_frame_info                             /Users/benjamingombala/Library/Arduino15/packages/arduino/tools/arm-none-eabi-gcc/7-2017q4/bin/../lib/gcc/arm-none-eabi/7.2.1/thumb/v6-m/crtbegin.o
__sf_fake_stderr                                  /Users/benjamingombala/Library/Arduino15/packages/arduino/tools/arm-none-eabi-gcc/7-2017q4/bin/../lib/gcc/arm-none-eabi/7.2.1/../../../../arm-none-eabi/lib/thumb/v6-m/libc_nano.a(lib_a-impure.o)
__sf_fake_stdin                                   /Users/benjamingombala/Library/Arduino15/packages/arduino/tools/arm-none-eabi-gcc/7-2017q4/bin/../lib/gcc/arm-none-eabi/7.2.1/../../../../arm-none-eabi/lib/thumb/v6-m/libc_nano.a(lib_a-impure.o)
__sf_fake_stdout                                  /Users/benjamingombala/Library/Arduino15/packages/arduino/tools/arm-none-eabi-gcc/7-2017q4/bin/../lib/gcc/arm-none-eabi/7.2.1/../../../../arm-none-eabi/lib/thumb/v6-m/libc_nano.a(lib_a-impure.o)
__sketch_vectors_ptr                              build/main.o
__stack                                           /Users/benjamingombala/Library/Arduino15/packages/arduino/tools/arm-none-eabi-gcc/7-2017q4/bin/../lib/gcc/arm-none-eabi/7.2.1/../../../../arm-none-eabi/lib/thumb/v6-m/crt0.o
_exit                                             /Users/benjamingombala/Library/Arduino15/packages/arduino/tools/arm-none-eabi-gcc/7-2017q4/bin/../lib/gcc/arm-none-eabi/7.2.1/../../../../arm-none-eabi/lib/thumb/v6-m/libnosys.a(_exit.o)
                                                  /Users/benjamingombala/Library/Arduino15/packages/arduino/tools/arm-none-eabi-gcc/7-2017q4/bin/../lib/gcc/arm-none-eabi/7.2.1/../../../../arm-none-eabi/lib/thumb/v6-m/libc_nano.a(lib_a-exit.o)
_fini                                             /Users/benjamingombala/Library/Arduino15/packages/arduino/tools/arm-none-eabi-gcc/7-2017q4/bin/../lib/gcc/arm-none-eabi/7.2.1/thumb/v6-m/crti.o
_global_impure_ptr                                /Users/benjamingombala/Library/Arduino15/packages/arduino/tools/arm-none-eabi-gcc/7-2017q4/bin/../lib/gcc/arm-none-eabi/7.2.1/../../../../arm-none-eabi/lib/thumb/v6-m/libc_nano.a(lib_a-impure.o)
                                                  /Users/benjamingombala/Library/Arduino15/packages/arduino/tools/arm-none-eabi-gcc/7-2017q4/bin/../lib/gcc/arm-none-eabi/7.2.1/../../../../arm-none-eabi/lib/thumb/v6-m/libc_nano.a(lib_a-exit.o)
_impure_ptr                                       /Users/benjamingombala/Library/Arduino15/packages/arduino/tools/arm-none-eabi-gcc/7-2017q4/bin/../lib/gcc/arm-none-eabi/7.2.1/../../../../arm-none-eabi/lib/thumb/v6-m/libc_nano.a(lib_a-impure.o)
_init                                             /Users/benjamingombala/Library/Arduino15/packages/arduino/tools/arm-none-eabi-gcc/7-2017q4/bin/../lib/gcc/arm-none-eabi/7.2.1/thumb/v6-m/crti.o
                                                  /Users/benjamingombala/Library/Arduino15/packages/arduino/tools/arm-none-eabi-gcc/7-2017q4/bin/../lib/gcc/arm-none-eabi/7.2.1/../../../../arm-none-eabi/lib/thumb/v6-m/libc_nano.a(lib_a-init.o)
_mainCRTStartup                                   /Users/benjamingombala/Library/Arduino15/packages/arduino/tools/arm-none-eabi-gcc/7-2017q4/bin/../lib/gcc/arm-none-eabi/7.2.1/../../../../arm-none-eabi/lib/thumb/v6-m/crt0.o
_start                                            /Users/benjamingombala/Library/Arduino15/packages/arduino/tools/arm-none-eabi-gcc/7-2017q4/bin/../lib/gcc/arm-none-eabi/7.2.1/../../../../arm-none-eabi/lib/thumb/v6-m/crt0.o
atexit                                            /Users/benjamingombala/Library/Arduino15/packages/arduino/tools/arm-none-eabi-gcc/7-2017q4/bin/../lib/gcc/arm-none-eabi/7.2.1/../../../../arm-none-eabi/lib/thumb/v6-m/crt0.o
b_sam_ba_interface_usart                          build/sam_ba_monitor.o
b_sharp_received                                  build/sam_ba_serial.o
b_terminal_mode                                   build/sam_ba_monitor.o
board_init                                        build/board_init.o
                                                  build/main.o
buffer_rx_usart                                   build/sam_ba_serial.o
buffer_tx_usart                                   build/sam_ba_serial.o
call_applet                                       build/sam_ba_monitor.o
command                                           build/sam_ba_monitor.o
current_number                                    build/sam_ba_monitor.o
data                                              build/sam_ba_monitor.o
error_timeout                                     build/sam_ba_serial.o
exception_table                                   build/board_startup.o
exit                                              /Users/benjamingombala/Library/Arduino15/packages/arduino/tools/arm-none-eabi-gcc/7-2017q4/bin/../lib/gcc/arm-none-eabi/7.2.1/../../../../arm-none-eabi/lib/thumb/v6-m/libc_nano.a(lib_a-exit.o)
                                                  /Users/benjamingombala/Library/Arduino15/packages/arduino/tools/arm-none-eabi-gcc/7-2017q4/bin/../lib/gcc/arm-none-eabi/7.2.1/../../../../arm-none-eabi/lib/thumb/v6-m/crt0.o
hardware_init_hook                                /Users/benjamingombala/Library/Arduino15/packages/arduino/tools/arm-none-eabi-gcc/7-2017q4/bin/../lib/gcc/arm-none-eabi/7.2.1/../../../../arm-none-eabi/lib/thumb/v6-m/crt0.o
i                                                 build/sam_ba_monitor.o
idx_rx_read                                       build/sam_ba_serial.o
idx_rx_write                                      build/sam_ba_serial.o
idx_tx_read                                       build/sam_ba_serial.o
idx_tx_write                                      build/sam_ba_serial.o
j                                                 build/sam_ba_monitor.o
ledDirection                                      build/board_driver_led.o (symbol from plugin)
ledKeepValue                                      build/board_driver_led.o (symbol from plugin)
ledTargetValue                                    build/board_driver_led.o (symbol from plugin)
length                                            build/sam_ba_monitor.o
main                                              build/main.o
                                                  build/board_startup.o
                                                  /Users/benjamingombala/Library/Arduino15/packages/arduino/tools/arm-none-eabi-gcc/7-2017q4/bin/../lib/gcc/arm-none-eabi/7.2.1/../../../../arm-none-eabi/lib/thumb/v6-m/crt0.o
memcpy                                            /Users/benjamingombala/Library/Arduino15/packages/arduino/tools/arm-none-eabi-gcc/7-2017q4/bin/../lib/gcc/arm-none-eabi/7.2.1/../../../../arm-none-eabi/lib/thumb/v6-m/libc_nano.a(lib_a-memcpy-stub.o)
                                                  build/sam_ba_monitor.o
memset                                            /Users/benjamingombala/Library/Arduino15/packages/arduino/tools/arm-none-eabi-gcc/7-2017q4/bin/../lib/gcc/arm-none-eabi/7.2.1/../../../../arm-none-eabi/lib/thumb/v6-m/libc_nano.a(lib_a-memset.o)
                                                  /Users/benjamingombala/Library/Arduino15/packages/arduino/tools/arm-none-eabi-gcc/7-2017q4/bin/../lib/gcc/arm-none-eabi/7.2.1/../../../../arm-none-eabi/lib/thumb/v6-m/crt0.o
mode_of_transfer                                  build/sam_ba_serial.o
ptr                                               build/sam_ba_monitor.o
ptr_data                                          build/sam_ba_monitor.o
ptr_monitor_if                                    build/sam_ba_monitor.o
rxLEDPulse                                        build/sam_ba_monitor.o
sam_ba_monitor_init                               build/sam_ba_monitor.o
                                                  build/main.o
sam_ba_monitor_run                                build/sam_ba_monitor.o
                                                  build/main.o
sam_ba_monitor_sys_tick                           build/sam_ba_monitor.o
                                                  build/main.o
sam_ba_putdata_term                               build/sam_ba_monitor.o
serial_add_crc                                    build/sam_ba_serial.o
                                                  build/sam_ba_monitor.o
serial_close                                      build/sam_ba_serial.o
serial_getc                                       build/sam_ba_serial.o
                                                  build/sam_ba_monitor.o
serial_getdata                                    build/sam_ba_serial.o
                                                  build/sam_ba_monitor.o
serial_getdata_xmd                                build/sam_ba_serial.o
                                                  build/sam_ba_monitor.o
serial_is_rx_ready                                build/sam_ba_serial.o
                                                  build/sam_ba_monitor.o
serial_open                                       build/sam_ba_serial.o
                                                  build/main.o
serial_putc                                       build/sam_ba_serial.o
                                                  build/sam_ba_monitor.o
serial_putdata                                    build/sam_ba_serial.o
                                                  build/sam_ba_monitor.o
serial_putdata_xmd                                build/sam_ba_serial.o
                                                  build/sam_ba_monitor.o
serial_readc                                      build/sam_ba_serial.o
serial_sharp_received                             build/sam_ba_serial.o
                                                  build/main.o
size_of_data                                      build/sam_ba_serial.o
software_init_hook                                /Users/benjamingombala/Library/Arduino15/packages/arduino/tools/arm-none-eabi-gcc/7-2017q4/bin/../lib/gcc/arm-none-eabi/7.2.1/../../../../arm-none-eabi/lib/thumb/v6-m/crt0.o
sp                                                build/sam_ba_monitor.o
txLEDPulse                                        build/sam_ba_monitor.o
u32tmp                                            build/sam_ba_monitor.o
uart_basic_init                                   samc21_sam_ba.elf.ltrans0.ltrans.o
                                                  build/board_driver_serial.o (symbol from plugin)
                                                  build/sam_ba_serial.o
uart_disable                                      samc21_sam_ba.elf.ltrans0.ltrans.o
                                                  build/board_driver_serial.o (symbol from plugin)
                                                  build/sam_ba_serial.o
uart_drv_error_flag                               build/board_driver_serial.o (symbol from plugin)
uart_if                                           build/sam_ba_monitor.o
uart_read_buffer_polled                           build/board_driver_serial.o (symbol from plugin)
uart_read_byte                                    samc21_sam_ba.elf.ltrans0.ltrans.o
                                                  build/board_driver_serial.o (symbol from plugin)
                                                  build/sam_ba_serial.o
uart_write_buffer_polled                          build/board_driver_serial.o (symbol from plugin)
uart_write_byte                                   samc21_sam_ba.elf.ltrans0.ltrans.o
                                                  build/board_driver_serial.o (symbol from plugin)
                                                  build/sam_ba_serial.o
